mode: atomic
github.com/dhiazfathra/how-to-replicate/services/capture-api/internal/sharelink/ratelimit.go:33.57,36.19 3 9
github.com/dhiazfathra/how-to-replicate/services/capture-api/internal/sharelink/ratelimit.go:36.19,38.3 1 3
github.com/dhiazfathra/how-to-replicate/services/capture-api/internal/sharelink/ratelimit.go:39.2,40.41 2 9
github.com/dhiazfathra/how-to-replicate/services/capture-api/internal/sharelink/ratelimit.go:40.41,43.3 2 5
github.com/dhiazfathra/how-to-replicate/services/capture-api/internal/sharelink/ratelimit.go:44.2,45.25 2 9
github.com/dhiazfathra/how-to-replicate/services/capture-api/internal/sharelink/sharelink.go:68.90,81.2 4 5
github.com/dhiazfathra/how-to-replicate/services/capture-api/internal/sharelink/sharelink.go:88.96,90.9 2 9
github.com/dhiazfathra/how-to-replicate/services/capture-api/internal/sharelink/sharelink.go:90.9,92.3 1 1
github.com/dhiazfathra/how-to-replicate/services/capture-api/internal/sharelink/sharelink.go:93.2,94.16 2 8
github.com/dhiazfathra/how-to-replicate/services/capture-api/internal/sharelink/sharelink.go:94.16,96.3 1 1
github.com/dhiazfathra/how-to-replicate/services/capture-api/internal/sharelink/sharelink.go:97.2,98.16 2 7
github.com/dhiazfathra/how-to-replicate/services/capture-api/internal/sharelink/sharelink.go:98.16,100.3 1 1
github.com/dhiazfathra/how-to-replicate/services/capture-api/internal/sharelink/sharelink.go:102.2,103.48 2 6
github.com/dhiazfathra/how-to-replicate/services/capture-api/internal/sharelink/sharelink.go:103.48,105.3 1 1
github.com/dhiazfathra/how-to-replicate/services/capture-api/internal/sharelink/sharelink.go:107.2,108.52 2 5
github.com/dhiazfathra/how-to-replicate/services/capture-api/internal/sharelink/sharelink.go:108.52,110.3 1 2
github.com/dhiazfathra/how-to-replicate/services/capture-api/internal/sharelink/sharelink.go:112.2,112.32 1 3
github.com/dhiazfathra/how-to-replicate/services/capture-api/internal/sharelink/sharelink.go:112.32,114.3 1 1
github.com/dhiazfathra/how-to-replicate/services/capture-api/internal/sharelink/sharelink.go:115.2,115.40 1 2
github.com/dhiazfathra/how-to-replicate/services/capture-api/internal/sharelink/sharelink.go:118.48,119.71 1 5
github.com/dhiazfathra/how-to-replicate/services/capture-api/internal/sharelink/sharelink.go:119.71,121.3 1 3
github.com/dhiazfathra/how-to-replicate/services/capture-api/internal/sharelink/sharelink.go:122.2,122.31 1 2
github.com/dhiazfathra/how-to-replicate/services/capture-api/internal/sharelink/sharelink.go:122.31,123.64 1 1
github.com/dhiazfathra/how-to-replicate/services/capture-api/internal/sharelink/sharelink.go:123.64,125.4 1 1
github.com/dhiazfathra/how-to-replicate/services/capture-api/internal/sharelink/sharelink.go:127.2,127.21 1 1
github.com/dhiazfathra/how-to-replicate/services/capture-api/internal/sharelink/sharelink.go:130.38,134.2 3 10
github.com/dhiazfathra/how-to-replicate/services/capture-api/internal/sharelink/sharelink.go:136.39,136.89 1 13
github.com/dhiazfathra/how-to-replicate/services/capture-api/internal/sharelink/sharelink.go:137.39,137.87 1 15
github.com/dhiazfathra/how-to-replicate/services/capture-api/internal/sharelink/sharelink.go:139.68,140.30 1 10
github.com/dhiazfathra/how-to-replicate/services/capture-api/internal/sharelink/sharelink.go:140.30,141.18 1 444
github.com/dhiazfathra/how-to-replicate/services/capture-api/internal/sharelink/sharelink.go:141.18,143.4 1 8
github.com/dhiazfathra/how-to-replicate/services/capture-api/internal/sharelink/sharelink.go:145.2,145.22 1 2
github.com/dhiazfathra/how-to-replicate/services/capture-api/internal/policy/policy.go:57.34,58.26 1 5
github.com/dhiazfathra/how-to-replicate/services/capture-api/internal/policy/policy.go:58.26,60.3 1 4
github.com/dhiazfathra/how-to-replicate/services/capture-api/internal/policy/policy.go:61.2,61.12 1 1
github.com/dhiazfathra/how-to-replicate/services/capture-api/internal/policy/policy.go:78.51,80.30 2 8
github.com/dhiazfathra/how-to-replicate/services/capture-api/internal/policy/policy.go:80.30,82.3 1 1
github.com/dhiazfathra/how-to-replicate/services/capture-api/internal/policy/policy.go:83.2,83.25 1 8
github.com/dhiazfathra/how-to-replicate/services/capture-api/internal/policy/policy.go:83.25,85.3 1 1
github.com/dhiazfathra/how-to-replicate/services/capture-api/internal/policy/policy.go:86.2,86.31 1 8
github.com/dhiazfathra/how-to-replicate/services/capture-api/internal/policy/policy.go:86.31,88.3 1 1
github.com/dhiazfathra/how-to-replicate/services/capture-api/internal/policy/policy.go:89.2,89.24 1 8
github.com/dhiazfathra/how-to-replicate/services/capture-api/internal/policy/policy.go:89.24,91.3 1 1
github.com/dhiazfathra/how-to-replicate/services/capture-api/internal/policy/policy.go:92.2,92.30 1 8
github.com/dhiazfathra/how-to-replicate/services/capture-api/internal/policy/policy.go:92.30,94.3 1 1
github.com/dhiazfathra/how-to-replicate/services/capture-api/internal/policy/policy.go:95.2,95.28 1 8
github.com/dhiazfathra/how-to-replicate/services/capture-api/internal/policy/policy.go:95.28,97.3 1 6
github.com/dhiazfathra/how-to-replicate/services/capture-api/internal/policy/policy.go:98.2,98.10 1 8
github.com/dhiazfathra/how-to-replicate/services/capture-api/internal/api/captureview.go:55.49,62.34 2 16
github.com/dhiazfathra/how-to-replicate/services/capture-api/internal/api/captureview.go:62.34,64.3 1 11
github.com/dhiazfathra/how-to-replicate/services/capture-api/internal/api/captureview.go:65.2,69.10 5 5
github.com/dhiazfathra/how-to-replicate/services/capture-api/internal/api/captureview.go:76.90,77.34 1 6
github.com/dhiazfathra/how-to-replicate/services/capture-api/internal/api/captureview.go:77.34,79.3 1 5
github.com/dhiazfathra/how-to-replicate/services/capture-api/internal/api/captureview.go:80.2,81.24 2 1
github.com/dhiazfathra/how-to-replicate/services/capture-api/internal/api/captureview.go:81.24,88.3 1 1
github.com/dhiazfathra/how-to-replicate/services/capture-api/internal/api/captureview.go:89.2,89.12 1 1
github.com/dhiazfathra/how-to-replicate/services/capture-api/internal/api/captureview.go:92.34,93.17 1 16
github.com/dhiazfathra/how-to-replicate/services/capture-api/internal/api/captureview.go:93.17,95.3 1 3
github.com/dhiazfathra/how-to-replicate/services/capture-api/internal/api/captureview.go:96.2,96.10 1 13
github.com/dhiazfathra/how-to-replicate/services/capture-api/internal/api/captureview.go:99.54,100.14 1 16
github.com/dhiazfathra/how-to-replicate/services/capture-api/internal/api/captureview.go:100.14,102.3 1 2
github.com/dhiazfathra/how-to-replicate/services/capture-api/internal/api/captureview.go:103.2,103.61 1 14
github.com/dhiazfathra/how-to-replicate/services/capture-api/internal/api/handlers.go:34.76,36.9 2 6
github.com/dhiazfathra/how-to-replicate/services/capture-api/internal/api/handlers.go:36.9,39.3 2 1
github.com/dhiazfathra/how-to-replicate/services/capture-api/internal/api/handlers.go:41.2,42.79 2 5
github.com/dhiazfathra/how-to-replicate/services/capture-api/internal/api/handlers.go:42.79,45.3 2 1
github.com/dhiazfathra/how-to-replicate/services/capture-api/internal/api/handlers.go:47.2,48.78 2 4
github.com/dhiazfathra/how-to-replicate/services/capture-api/internal/api/handlers.go:48.78,51.3 2 2
github.com/dhiazfathra/how-to-replicate/services/capture-api/internal/api/handlers.go:55.2,58.16 3 2
github.com/dhiazfathra/how-to-replicate/services/capture-api/internal/api/handlers.go:58.16,61.3 2 1
github.com/dhiazfathra/how-to-replicate/services/capture-api/internal/api/handlers.go:63.2,63.38 1 1
github.com/dhiazfathra/how-to-replicate/services/capture-api/internal/api/handlers.go:67.75,69.9 2 3
github.com/dhiazfathra/how-to-replicate/services/capture-api/internal/api/handlers.go:69.9,72.3 2 1
github.com/dhiazfathra/how-to-replicate/services/capture-api/internal/api/handlers.go:74.2,75.16 2 2
github.com/dhiazfathra/how-to-replicate/services/capture-api/internal/api/handlers.go:75.16,78.3 2 1
github.com/dhiazfathra/how-to-replicate/services/capture-api/internal/api/handlers.go:79.2,79.33 1 1
github.com/dhiazfathra/how-to-replicate/services/capture-api/internal/api/handlers.go:82.73,84.16 2 2
github.com/dhiazfathra/how-to-replicate/services/capture-api/internal/api/handlers.go:84.16,87.3 2 1
github.com/dhiazfathra/how-to-replicate/services/capture-api/internal/api/handlers.go:88.2,88.33 1 1
github.com/dhiazfathra/how-to-replicate/services/capture-api/internal/api/handlers.go:91.76,93.79 2 3
github.com/dhiazfathra/how-to-replicate/services/capture-api/internal/api/handlers.go:93.79,96.3 2 1
github.com/dhiazfathra/how-to-replicate/services/capture-api/internal/api/handlers.go:98.2,99.16 2 2
github.com/dhiazfathra/how-to-replicate/services/capture-api/internal/api/handlers.go:99.16,102.3 2 1
github.com/dhiazfathra/how-to-replicate/services/capture-api/internal/api/handlers.go:103.2,103.33 1 1
github.com/dhiazfathra/how-to-replicate/services/capture-api/internal/api/handlers.go:106.76,107.93 1 2
github.com/dhiazfathra/how-to-replicate/services/capture-api/internal/api/handlers.go:107.93,110.3 2 1
github.com/dhiazfathra/how-to-replicate/services/capture-api/internal/api/handlers.go:111.2,111.37 1 1
github.com/dhiazfathra/how-to-replicate/services/capture-api/internal/api/handlers.go:114.74,116.79 2 3
github.com/dhiazfathra/how-to-replicate/services/capture-api/internal/api/handlers.go:116.79,119.3 2 1
github.com/dhiazfathra/how-to-replicate/services/capture-api/internal/api/handlers.go:121.2,122.16 2 2
github.com/dhiazfathra/how-to-replicate/services/capture-api/internal/api/handlers.go:122.16,125.3 2 1
github.com/dhiazfathra/how-to-replicate/services/capture-api/internal/api/handlers.go:126.2,126.37 1 1
github.com/dhiazfathra/how-to-replicate/services/capture-api/internal/api/handlers.go:129.73,131.16 2 2
github.com/dhiazfathra/how-to-replicate/services/capture-api/internal/api/handlers.go:131.16,134.3 2 1
github.com/dhiazfathra/how-to-replicate/services/capture-api/internal/api/handlers.go:135.2,135.33 1 1
github.com/dhiazfathra/how-to-replicate/services/capture-api/internal/api/handlers.go:138.71,140.16 2 2
github.com/dhiazfathra/how-to-replicate/services/capture-api/internal/api/handlers.go:140.16,143.3 2 1
github.com/dhiazfathra/how-to-replicate/services/capture-api/internal/api/handlers.go:144.2,144.32 1 1
github.com/dhiazfathra/how-to-replicate/services/capture-api/internal/api/handlers.go:147.74,149.79 2 3
github.com/dhiazfathra/how-to-replicate/services/capture-api/internal/api/handlers.go:149.79,152.3 2 1
github.com/dhiazfathra/how-to-replicate/services/capture-api/internal/api/handlers.go:154.2,155.16 2 2
github.com/dhiazfathra/how-to-replicate/services/capture-api/internal/api/handlers.go:155.16,158.3 2 1
github.com/dhiazfathra/how-to-replicate/services/capture-api/internal/api/handlers.go:159.2,159.32 1 1
github.com/dhiazfathra/how-to-replicate/services/capture-api/internal/api/handlers.go:162.74,163.121 1 2
github.com/dhiazfathra/how-to-replicate/services/capture-api/internal/api/handlers.go:163.121,166.3 2 1
github.com/dhiazfathra/how-to-replicate/services/capture-api/internal/api/handlers.go:167.2,167.37 1 1
github.com/dhiazfathra/how-to-replicate/services/capture-api/internal/api/handlers.go:172.70,174.16 2 3
github.com/dhiazfathra/how-to-replicate/services/capture-api/internal/api/handlers.go:174.16,177.3 2 1
github.com/dhiazfathra/how-to-replicate/services/capture-api/internal/api/handlers.go:179.2,180.33 2 2
github.com/dhiazfathra/how-to-replicate/services/capture-api/internal/api/handlers.go:180.33,181.72 1 1
github.com/dhiazfathra/how-to-replicate/services/capture-api/internal/api/handlers.go:181.72,184.4 2 1
github.com/dhiazfathra/how-to-replicate/services/capture-api/internal/api/handlers.go:187.2,187.73 1 1
github.com/dhiazfathra/how-to-replicate/services/capture-api/internal/api/handlers.go:196.73,198.67 2 3
github.com/dhiazfathra/how-to-replicate/services/capture-api/internal/api/handlers.go:198.67,201.3 2 1
github.com/dhiazfathra/how-to-replicate/services/capture-api/internal/api/handlers.go:206.2,209.16 3 2
github.com/dhiazfathra/how-to-replicate/services/capture-api/internal/api/handlers.go:209.16,212.3 2 1
github.com/dhiazfathra/how-to-replicate/services/capture-api/internal/api/handlers.go:214.2,216.72 3 1
github.com/dhiazfathra/how-to-replicate/services/capture-api/internal/api/handlers.go:225.71,229.16 3 9
github.com/dhiazfathra/how-to-replicate/services/capture-api/internal/api/handlers.go:229.16,232.3 2 2
github.com/dhiazfathra/how-to-replicate/services/capture-api/internal/api/handlers.go:233.2,233.45 1 7
github.com/dhiazfathra/how-to-replicate/services/capture-api/internal/api/handlers.go:239.73,241.16 2 7
github.com/dhiazfathra/how-to-replicate/services/capture-api/internal/api/handlers.go:241.16,244.3 2 1
github.com/dhiazfathra/how-to-replicate/services/capture-api/internal/api/handlers.go:245.2,246.23 2 6
github.com/dhiazfathra/how-to-replicate/services/capture-api/internal/api/handlers.go:246.23,248.3 1 6
github.com/dhiazfathra/how-to-replicate/services/capture-api/internal/api/handlers.go:249.2,249.36 1 6
github.com/dhiazfathra/how-to-replicate/services/capture-api/internal/api/handlers.go:255.71,260.16 4 8
github.com/dhiazfathra/how-to-replicate/services/capture-api/internal/api/handlers.go:260.16,263.3 2 1
github.com/dhiazfathra/how-to-replicate/services/capture-api/internal/api/handlers.go:264.2,265.16 2 7
github.com/dhiazfathra/how-to-replicate/services/capture-api/internal/api/handlers.go:265.16,268.3 2 1
github.com/dhiazfathra/how-to-replicate/services/capture-api/internal/api/handlers.go:269.2,269.56 1 6
github.com/dhiazfathra/how-to-replicate/services/capture-api/internal/api/handlers.go:279.74,281.9 2 4
github.com/dhiazfathra/how-to-replicate/services/capture-api/internal/api/handlers.go:281.9,284.3 2 1
github.com/dhiazfathra/how-to-replicate/services/capture-api/internal/api/handlers.go:286.2,287.79 2 3
github.com/dhiazfathra/how-to-replicate/services/capture-api/internal/api/handlers.go:287.79,290.3 2 1
github.com/dhiazfathra/how-to-replicate/services/capture-api/internal/api/handlers.go:292.2,294.16 2 2
github.com/dhiazfathra/how-to-replicate/services/capture-api/internal/api/handlers.go:294.16,297.3 2 1
github.com/dhiazfathra/how-to-replicate/services/capture-api/internal/api/handlers.go:298.2,298.37 1 1
github.com/dhiazfathra/how-to-replicate/services/capture-api/internal/api/handlers.go:317.76,319.9 2 5
github.com/dhiazfathra/how-to-replicate/services/capture-api/internal/api/handlers.go:319.9,322.3 2 1
github.com/dhiazfathra/how-to-replicate/services/capture-api/internal/api/handlers.go:324.2,325.90 2 4
github.com/dhiazfathra/how-to-replicate/services/capture-api/internal/api/handlers.go:325.90,328.3 2 1
github.com/dhiazfathra/how-to-replicate/services/capture-api/internal/api/handlers.go:330.2,342.16 7 3
github.com/dhiazfathra/how-to-replicate/services/capture-api/internal/api/handlers.go:342.16,345.3 2 2
github.com/dhiazfathra/how-to-replicate/services/capture-api/internal/api/handlers.go:347.2,347.100 1 1
github.com/dhiazfathra/how-to-replicate/services/capture-api/internal/api/handlers.go:354.76,356.16 2 2
github.com/dhiazfathra/how-to-replicate/services/capture-api/internal/api/handlers.go:356.16,359.3 2 1
github.com/dhiazfathra/how-to-replicate/services/capture-api/internal/api/handlers.go:360.2,360.37 1 1
github.com/dhiazfathra/how-to-replicate/services/capture-api/internal/api/router.go:32.115,38.47 4 1
github.com/dhiazfathra/how-to-replicate/services/capture-api/internal/api/router.go:38.47,42.48 3 1
github.com/dhiazfathra/how-to-replicate/services/capture-api/internal/api/router.go:42.48,47.42 4 1
github.com/dhiazfathra/how-to-replicate/services/capture-api/internal/api/router.go:47.42,55.5 2 1
github.com/dhiazfathra/how-to-replicate/services/capture-api/internal/api/router.go:57.4,57.44 1 1
github.com/dhiazfathra/how-to-replicate/services/capture-api/internal/api/router.go:57.44,61.48 3 1
github.com/dhiazfathra/how-to-replicate/services/capture-api/internal/api/router.go:61.48,65.6 3 1
github.com/dhiazfathra/how-to-replicate/services/capture-api/internal/api/router.go:72.4,72.44 1 1
github.com/dhiazfathra/how-to-replicate/services/capture-api/internal/api/router.go:72.44,75.48 2 1
github.com/dhiazfathra/how-to-replicate/services/capture-api/internal/api/router.go:75.48,80.49 4 1
github.com/dhiazfathra/how-to-replicate/services/capture-api/internal/api/router.go:80.49,83.7 2 1
github.com/dhiazfathra/how-to-replicate/services/capture-api/internal/api/router.go:89.2,89.10 1 1
github.com/dhiazfathra/how-to-replicate/services/capture-api/internal/api/router.go:96.102,101.2 4 1
github.com/dhiazfathra/how-to-replicate/services/capture-api/internal/api/router.go:115.99,116.46 1 20
github.com/dhiazfathra/how-to-replicate/services/capture-api/internal/api/router.go:116.46,117.72 1 20
github.com/dhiazfathra/how-to-replicate/services/capture-api/internal/api/router.go:117.72,119.11 2 5
github.com/dhiazfathra/how-to-replicate/services/capture-api/internal/api/router.go:119.11,122.5 2 1
github.com/dhiazfathra/how-to-replicate/services/capture-api/internal/api/router.go:124.4,126.18 3 4
github.com/dhiazfathra/how-to-replicate/services/capture-api/internal/api/router.go:126.18,129.5 2 1
github.com/dhiazfathra/how-to-replicate/services/capture-api/internal/api/router.go:130.4,130.11 1 3
github.com/dhiazfathra/how-to-replicate/services/capture-api/internal/api/router.go:130.11,133.5 2 1
github.com/dhiazfathra/how-to-replicate/services/capture-api/internal/api/router.go:134.4,134.48 1 2
github.com/dhiazfathra/how-to-replicate/services/capture-api/internal/api/router.go:134.48,137.5 2 1
github.com/dhiazfathra/how-to-replicate/services/capture-api/internal/api/router.go:139.4,139.24 1 1
github.com/dhiazfathra/how-to-replicate/services/capture-api/internal/api/router.go:148.67,149.46 1 6
github.com/dhiazfathra/how-to-replicate/services/capture-api/internal/api/router.go:149.46,150.72 1 6
github.com/dhiazfathra/how-to-replicate/services/capture-api/internal/api/router.go:150.72,152.11 2 5
github.com/dhiazfathra/how-to-replicate/services/capture-api/internal/api/router.go:152.11,155.5 2 1
github.com/dhiazfathra/how-to-replicate/services/capture-api/internal/api/router.go:157.4,159.18 3 4
github.com/dhiazfathra/how-to-replicate/services/capture-api/internal/api/router.go:159.18,162.5 2 1
github.com/dhiazfathra/how-to-replicate/services/capture-api/internal/api/router.go:163.4,163.11 1 3
github.com/dhiazfathra/how-to-replicate/services/capture-api/internal/api/router.go:163.11,166.5 2 1
github.com/dhiazfathra/how-to-replicate/services/capture-api/internal/api/router.go:167.4,167.43 1 2
github.com/dhiazfathra/how-to-replicate/services/capture-api/internal/api/router.go:167.43,170.5 2 1
github.com/dhiazfathra/how-to-replicate/services/capture-api/internal/api/router.go:172.4,172.24 1 1
github.com/dhiazfathra/how-to-replicate/services/capture-api/internal/api/router.go:177.66,181.2 3 32
github.com/dhiazfathra/how-to-replicate/services/capture-api/internal/api/router.go:189.21,193.2 3 22
github.com/dhiazfathra/how-to-replicate/services/capture-api/internal/api/router.go:195.72,196.39 1 23
github.com/dhiazfathra/how-to-replicate/services/capture-api/internal/api/router.go:196.39,199.3 2 6
github.com/dhiazfathra/how-to-replicate/services/capture-api/internal/api/router.go:200.2,200.65 1 17
github.com/dhiazfathra/how-to-replicate/services/capture-api/internal/api/share.go:33.72,34.48 1 17
github.com/dhiazfathra/how-to-replicate/services/capture-api/internal/api/share.go:34.48,37.3 2 1
github.com/dhiazfathra/how-to-replicate/services/capture-api/internal/api/share.go:39.2,41.16 3 16
github.com/dhiazfathra/how-to-replicate/services/capture-api/internal/api/share.go:41.16,42.43 1 5
github.com/dhiazfathra/how-to-replicate/services/capture-api/internal/api/share.go:42.43,45.4 2 1
github.com/dhiazfathra/how-to-replicate/services/capture-api/internal/api/share.go:46.3,47.9 2 4
github.com/dhiazfathra/how-to-replicate/services/capture-api/internal/api/share.go:50.2,51.67 2 11
github.com/dhiazfathra/how-to-replicate/services/capture-api/internal/api/share.go:51.67,54.3 2 3
github.com/dhiazfathra/how-to-replicate/services/capture-api/internal/api/share.go:56.2,57.16 2 8
github.com/dhiazfathra/how-to-replicate/services/capture-api/internal/api/share.go:57.16,60.3 2 1
github.com/dhiazfathra/how-to-replicate/services/capture-api/internal/api/share.go:61.2,61.34 1 7
github.com/dhiazfathra/how-to-replicate/services/capture-api/internal/api/share.go:61.34,64.3 2 5
github.com/dhiazfathra/how-to-replicate/services/capture-api/internal/api/share.go:66.2,67.93 1 2
github.com/dhiazfathra/how-to-replicate/services/capture-api/internal/api/share.go:67.93,70.3 2 1
github.com/dhiazfathra/how-to-replicate/services/capture-api/internal/api/share.go:72.2,72.45 1 1
github.com/dhiazfathra/how-to-replicate/services/capture-api/internal/api/share.go:78.40,80.16 2 19
github.com/dhiazfathra/how-to-replicate/services/capture-api/internal/api/share.go:80.16,82.3 1 1
github.com/dhiazfathra/how-to-replicate/services/capture-api/internal/api/share.go:83.2,83.13 1 18
github.com/dhiazfathra/how-to-replicate/services/capture-api/internal/purge/purge.go:42.90,44.16 2 7
github.com/dhiazfathra/how-to-replicate/services/capture-api/internal/purge/purge.go:44.16,46.3 1 1
github.com/dhiazfathra/how-to-replicate/services/capture-api/internal/purge/purge.go:48.2,49.32 2 6
github.com/dhiazfathra/how-to-replicate/services/capture-api/internal/purge/purge.go:49.32,51.34 2 6
github.com/dhiazfathra/how-to-replicate/services/capture-api/internal/purge/purge.go:51.34,52.73 1 5
github.com/dhiazfathra/how-to-replicate/services/capture-api/internal/purge/purge.go:52.73,54.5 1 1
github.com/dhiazfathra/how-to-replicate/services/capture-api/internal/purge/purge.go:56.3,57.45 2 5
github.com/dhiazfathra/how-to-replicate/services/capture-api/internal/purge/purge.go:57.45,62.12 1 1
github.com/dhiazfathra/how-to-replicate/services/capture-api/internal/purge/purge.go:64.3,70.17 3 4
github.com/dhiazfathra/how-to-replicate/services/capture-api/internal/purge/purge.go:70.17,72.4 1 1
github.com/dhiazfathra/how-to-replicate/services/capture-api/internal/purge/purge.go:74.3,74.30 1 3
github.com/dhiazfathra/how-to-replicate/services/capture-api/internal/purge/purge.go:74.30,80.18 2 2
github.com/dhiazfathra/how-to-replicate/services/capture-api/internal/purge/purge.go:80.18,85.13 1 1
github.com/dhiazfathra/how-to-replicate/services/capture-api/internal/purge/purge.go:87.4,87.34 1 1
github.com/dhiazfathra/how-to-replicate/services/capture-api/internal/purge/purge.go:90.2,90.21 1 4
github.com/dhiazfathra/how-to-replicate/services/capture-api/internal/purge/purge.go:116.97,117.19 1 32
github.com/dhiazfathra/how-to-replicate/services/capture-api/internal/purge/purge.go:118.20,120.17 2 6
github.com/dhiazfathra/how-to-replicate/services/capture-api/internal/purge/purge.go:120.17,122.4 1 2
github.com/dhiazfathra/how-to-replicate/services/capture-api/internal/purge/purge.go:123.3,123.16 1 4
github.com/dhiazfathra/how-to-replicate/services/capture-api/internal/purge/purge.go:125.23,127.17 2 5
github.com/dhiazfathra/how-to-replicate/services/capture-api/internal/purge/purge.go:127.17,129.4 1 1
github.com/dhiazfathra/how-to-replicate/services/capture-api/internal/purge/purge.go:133.3,138.5 2 4
github.com/dhiazfathra/how-to-replicate/services/capture-api/internal/purge/purge.go:140.26,142.63 2 11
github.com/dhiazfathra/how-to-replicate/services/capture-api/internal/purge/purge.go:142.63,144.4 1 1
github.com/dhiazfathra/how-to-replicate/services/capture-api/internal/purge/purge.go:145.3,145.28 1 10
github.com/dhiazfathra/how-to-replicate/services/capture-api/internal/purge/purge.go:145.28,146.51 1 16
github.com/dhiazfathra/how-to-replicate/services/capture-api/internal/purge/purge.go:146.51,148.5 1 1
github.com/dhiazfathra/how-to-replicate/services/capture-api/internal/purge/purge.go:150.3,154.5 1 9
github.com/dhiazfathra/how-to-replicate/services/capture-api/internal/purge/purge.go:156.25,157.83 1 8
github.com/dhiazfathra/how-to-replicate/services/capture-api/internal/purge/purge.go:159.19,160.18 1 1
github.com/dhiazfathra/how-to-replicate/services/capture-api/internal/purge/purge.go:162.10,163.82 1 1
github.com/dhiazfathra/how-to-replicate/services/capture-api/internal/purge/purge.go:172.105,173.31 1 9
github.com/dhiazfathra/how-to-replicate/services/capture-api/internal/purge/purge.go:173.31,176.17 3 19
github.com/dhiazfathra/how-to-replicate/services/capture-api/internal/purge/purge.go:176.17,178.4 1 1
github.com/dhiazfathra/how-to-replicate/services/capture-api/internal/purge/purge.go:180.2,180.17 1 8
github.com/dhiazfathra/how-to-replicate/services/capture-api/internal/purge/purge.go:187.57,189.16 2 3
github.com/dhiazfathra/how-to-replicate/services/capture-api/internal/purge/purge.go:189.16,191.3 1 1
github.com/dhiazfathra/how-to-replicate/services/capture-api/internal/purge/purge.go:192.2,192.27 1 2
github.com/dhiazfathra/how-to-replicate/services/capture-api/internal/purge/purge.go:192.27,193.56 1 3
github.com/dhiazfathra/how-to-replicate/services/capture-api/internal/purge/purge.go:193.56,195.4 1 1
github.com/dhiazfathra/how-to-replicate/services/capture-api/internal/purge/purge.go:197.2,197.12 1 1
github.com/dhiazfathra/how-to-replicate/services/capture-api/internal/purge/purge.go:206.88,208.16 2 12
github.com/dhiazfathra/how-to-replicate/services/capture-api/internal/purge/purge.go:208.16,210.3 1 1
github.com/dhiazfathra/how-to-replicate/services/capture-api/internal/purge/purge.go:212.2,214.16 3 11
github.com/dhiazfathra/how-to-replicate/services/capture-api/internal/purge/purge.go:214.16,216.3 1 1
github.com/dhiazfathra/how-to-replicate/services/capture-api/internal/purge/purge.go:217.2,217.29 1 10
github.com/dhiazfathra/how-to-replicate/services/capture-api/internal/purge/purge.go:217.29,219.3 1 1
github.com/dhiazfathra/how-to-replicate/services/capture-api/internal/purge/purge.go:221.2,222.16 2 10
github.com/dhiazfathra/how-to-replicate/services/capture-api/internal/purge/purge.go:222.16,224.3 1 1
github.com/dhiazfathra/how-to-replicate/services/capture-api/internal/purge/purge.go:225.2,225.33 1 9
github.com/dhiazfathra/how-to-replicate/services/capture-api/internal/purge/purge.go:225.33,227.20 2 9
github.com/dhiazfathra/how-to-replicate/services/capture-api/internal/purge/purge.go:227.20,228.12 1 1
github.com/dhiazfathra/how-to-replicate/services/capture-api/internal/purge/purge.go:230.3,230.52 1 8
github.com/dhiazfathra/how-to-replicate/services/capture-api/internal/purge/purge.go:230.52,232.4 1 1
github.com/dhiazfathra/how-to-replicate/services/capture-api/internal/purge/purge.go:233.3,233.26 1 7
github.com/dhiazfathra/how-to-replicate/services/capture-api/internal/purge/purge.go:233.26,235.4 1 14
github.com/dhiazfathra/how-to-replicate/services/capture-api/internal/purge/purge.go:238.2,239.31 2 8
github.com/dhiazfathra/how-to-replicate/services/capture-api/internal/purge/purge.go:239.31,240.36 1 3
github.com/dhiazfathra/how-to-replicate/services/capture-api/internal/purge/purge.go:240.36,242.4 1 1
github.com/dhiazfathra/how-to-replicate/services/capture-api/internal/purge/purge.go:244.2,244.21 1 8
github.com/dhiazfathra/how-to-replicate/services/capture-api/internal/store/store.go:32.36,34.2 1 46
github.com/dhiazfathra/how-to-replicate/services/capture-api/internal/store/store.go:36.36,37.16 1 73
github.com/dhiazfathra/how-to-replicate/services/capture-api/internal/store/store.go:37.16,39.3 1 51
github.com/dhiazfathra/how-to-replicate/services/capture-api/internal/store/store.go:40.2,40.35 1 22
github.com/dhiazfathra/how-to-replicate/services/capture-api/internal/store/store.go:40.35,42.3 1 15
github.com/dhiazfathra/how-to-replicate/services/capture-api/internal/store/store.go:43.2,43.37 1 7
github.com/dhiazfathra/how-to-replicate/services/capture-api/internal/store/store.go:47.98,50.2 2 6
github.com/dhiazfathra/how-to-replicate/services/capture-api/internal/store/store.go:53.89,56.2 2 5
github.com/dhiazfathra/how-to-replicate/services/capture-api/internal/store/store.go:59.98,62.2 2 1
github.com/dhiazfathra/how-to-replicate/services/capture-api/internal/store/store.go:65.71,67.2 1 1
github.com/dhiazfathra/how-to-replicate/services/capture-api/internal/store/store.go:71.104,73.16 2 2
github.com/dhiazfathra/how-to-replicate/services/capture-api/internal/store/store.go:73.16,75.3 1 1
github.com/dhiazfathra/how-to-replicate/services/capture-api/internal/store/store.go:76.2,76.16 1 1
github.com/dhiazfathra/how-to-replicate/services/capture-api/internal/store/store.go:83.106,89.2 2 3
github.com/dhiazfathra/how-to-replicate/services/capture-api/internal/store/store.go:93.122,99.2 2 6
github.com/dhiazfathra/how-to-replicate/services/capture-api/internal/store/store.go:110.170,112.73 2 5
github.com/dhiazfathra/how-to-replicate/services/capture-api/internal/store/store.go:112.73,116.17 4 5
github.com/dhiazfathra/how-to-replicate/services/capture-api/internal/store/store.go:116.17,118.4 1 1
github.com/dhiazfathra/how-to-replicate/services/capture-api/internal/store/store.go:119.3,120.17 2 4
github.com/dhiazfathra/how-to-replicate/services/capture-api/internal/store/store.go:120.17,122.4 1 1
github.com/dhiazfathra/how-to-replicate/services/capture-api/internal/store/store.go:123.3,124.13 2 3
github.com/dhiazfathra/how-to-replicate/services/capture-api/internal/store/store.go:126.2,126.16 1 5
github.com/dhiazfathra/how-to-replicate/services/capture-api/internal/store/store.go:131.107,136.2 2 2
github.com/dhiazfathra/how-to-replicate/services/capture-api/internal/store/store.go:140.98,145.2 2 4
github.com/dhiazfathra/how-to-replicate/services/capture-api/internal/store/store.go:148.98,150.16 2 2
github.com/dhiazfathra/how-to-replicate/services/capture-api/internal/store/store.go:150.16,152.3 1 1
github.com/dhiazfathra/how-to-replicate/services/capture-api/internal/store/store.go:153.2,153.16 1 1
github.com/dhiazfathra/how-to-replicate/services/capture-api/internal/store/store.go:158.107,163.2 2 1
github.com/dhiazfathra/how-to-replicate/services/capture-api/internal/store/store.go:167.82,171.16 2 3
github.com/dhiazfathra/how-to-replicate/services/capture-api/internal/store/store.go:171.16,173.3 1 1
github.com/dhiazfathra/how-to-replicate/services/capture-api/internal/store/store.go:174.2,174.12 1 2
github.com/dhiazfathra/how-to-replicate/services/capture-api/internal/store/store.go:174.12,176.3 1 1
github.com/dhiazfathra/how-to-replicate/services/capture-api/internal/store/store.go:177.2,177.12 1 1
github.com/dhiazfathra/how-to-replicate/services/capture-api/internal/store/store.go:182.95,185.2 2 5
github.com/dhiazfathra/how-to-replicate/services/capture-api/internal/store/store.go:188.121,193.2 2 4
github.com/dhiazfathra/how-to-replicate/services/capture-api/internal/store/store.go:198.98,203.2 2 18
github.com/dhiazfathra/how-to-replicate/services/capture-api/internal/store/store.go:209.89,212.2 2 2
github.com/dhiazfathra/how-to-replicate/services/capture-api/internal/store/store.go:215.98,217.16 2 2
github.com/dhiazfathra/how-to-replicate/services/capture-api/internal/store/store.go:217.16,219.3 1 1
github.com/dhiazfathra/how-to-replicate/services/capture-api/internal/store/store.go:220.2,220.16 1 1
github.com/dhiazfathra/how-to-replicate/services/capture-api/internal/store/store.go:226.112,227.69 1 3
github.com/dhiazfathra/how-to-replicate/services/capture-api/internal/store/store.go:227.69,229.3 1 1
github.com/dhiazfathra/how-to-replicate/services/capture-api/internal/store/store.go:230.2,231.16 2 2
github.com/dhiazfathra/how-to-replicate/services/capture-api/internal/store/store.go:231.16,233.3 1 1
github.com/dhiazfathra/how-to-replicate/services/capture-api/internal/store/store.go:234.2,234.17 1 1
github.com/dhiazfathra/how-to-replicate/services/capture-api/internal/store/store.go:240.128,241.69 1 2
github.com/dhiazfathra/how-to-replicate/services/capture-api/internal/store/store.go:241.69,243.3 1 1
github.com/dhiazfathra/how-to-replicate/services/capture-api/internal/store/store.go:244.2,247.29 2 1
github.com/dhiazfathra/how-to-replicate/services/capture-api/internal/store/store.go:252.164,253.69 1 2
github.com/dhiazfathra/how-to-replicate/services/capture-api/internal/store/store.go:253.69,255.3 1 1
github.com/dhiazfathra/how-to-replicate/services/capture-api/internal/store/store.go:256.2,259.30 2 1
github.com/dhiazfathra/how-to-replicate/services/capture-api/internal/store/store.go:264.105,266.16 2 4
github.com/dhiazfathra/how-to-replicate/services/capture-api/internal/store/store.go:266.16,268.3 1 1
github.com/dhiazfathra/how-to-replicate/services/capture-api/internal/store/store.go:269.2,269.72 1 3
github.com/dhiazfathra/how-to-replicate/services/capture-api/internal/store/store.go:269.72,271.3 1 1
github.com/dhiazfathra/how-to-replicate/services/capture-api/internal/store/store.go:272.2,273.30 2 2
github.com/dhiazfathra/how-to-replicate/services/capture-api/internal/store/store.go:280.89,283.2 2 2
github.com/dhiazfathra/how-to-replicate/services/capture-api/internal/store/store.go:286.145,296.2 2 7
github.com/dhiazfathra/how-to-replicate/services/capture-api/internal/store/store.go:307.137,309.73 2 3
github.com/dhiazfathra/how-to-replicate/services/capture-api/internal/store/store.go:309.73,313.17 4 3
github.com/dhiazfathra/how-to-replicate/services/capture-api/internal/store/store.go:313.17,315.4 1 1
github.com/dhiazfathra/how-to-replicate/services/capture-api/internal/store/store.go:316.3,317.13 2 2
github.com/dhiazfathra/how-to-replicate/services/capture-api/internal/store/store.go:319.2,319.15 1 3
github.com/dhiazfathra/how-to-replicate/services/capture-api/internal/store/store.go:332.124,334.16 2 3
github.com/dhiazfathra/how-to-replicate/services/capture-api/internal/store/store.go:334.16,336.3 1 1
github.com/dhiazfathra/how-to-replicate/services/capture-api/internal/store/store.go:337.2,337.116 1 2
github.com/dhiazfathra/how-to-replicate/services/capture-api/internal/store/store.go:337.116,339.3 1 1
github.com/dhiazfathra/how-to-replicate/services/capture-api/internal/store/store.go:340.2,340.15 1 1
github.com/dhiazfathra/how-to-replicate/services/capture-api/internal/store/store.go:352.130,354.73 2 5
github.com/dhiazfathra/how-to-replicate/services/capture-api/internal/store/store.go:354.73,356.71 2 5
github.com/dhiazfathra/how-to-replicate/services/capture-api/internal/store/store.go:356.71,358.4 1 2
github.com/dhiazfathra/how-to-replicate/services/capture-api/internal/store/store.go:359.3,361.17 3 3
github.com/dhiazfathra/how-to-replicate/services/capture-api/internal/store/store.go:361.17,363.4 1 1
github.com/dhiazfathra/how-to-replicate/services/capture-api/internal/store/store.go:364.3,371.13 2 2
github.com/dhiazfathra/how-to-replicate/services/capture-api/internal/store/store.go:373.2,373.17 1 5
github.com/dhiazfathra/how-to-replicate/services/capture-api/internal/store/store.go:383.129,385.73 2 7
github.com/dhiazfathra/how-to-replicate/services/capture-api/internal/store/store.go:385.73,394.69 2 7
github.com/dhiazfathra/how-to-replicate/services/capture-api/internal/store/store.go:394.69,396.4 1 1
github.com/dhiazfathra/how-to-replicate/services/capture-api/internal/store/store.go:397.3,397.74 1 6
github.com/dhiazfathra/how-to-replicate/services/capture-api/internal/store/store.go:397.74,399.4 1 2
github.com/dhiazfathra/how-to-replicate/services/capture-api/internal/store/store.go:400.3,402.17 3 4
github.com/dhiazfathra/how-to-replicate/services/capture-api/internal/store/store.go:402.17,404.4 1 1
github.com/dhiazfathra/how-to-replicate/services/capture-api/internal/store/store.go:405.3,412.13 2 3
github.com/dhiazfathra/how-to-replicate/services/capture-api/internal/store/store.go:414.2,414.17 1 7
github.com/dhiazfathra/how-to-replicate/services/capture-api/internal/store/store.go:426.133,428.2 1 2
github.com/dhiazfathra/how-to-replicate/services/capture-api/internal/store/store.go:431.132,433.2 1 2
github.com/dhiazfathra/how-to-replicate/services/capture-api/internal/store/store.go:438.104,442.35 2 5
github.com/dhiazfathra/how-to-replicate/services/capture-api/internal/store/store.go:442.35,444.3 1 2
github.com/dhiazfathra/how-to-replicate/services/capture-api/internal/store/store.go:445.2,445.16 1 3
github.com/dhiazfathra/how-to-replicate/services/capture-api/internal/store/store.go:445.16,447.3 1 1
github.com/dhiazfathra/how-to-replicate/services/capture-api/internal/store/store.go:448.2,448.26 1 2
